
> @figma/my-make-file@0.0.1 dev
> vite

Port 5173 is in use, trying another one...

  [32m[1mVITE[22m v6.3.5[39m  [2mready in [0m[1m1542[22m[2m[0m ms[22m

  [32m➜[39m  [1mLocal[22m:   [36mhttp://localhost:[1m5174[22m/[39m
[2m  [32m➜[39m  [1mNetwork[22m[2m: use [22m[1m--host[22m[2m to expose[22m
[2m[32m  ➜[39m[22m[2m  press [22m[1mh + enter[22m[2m to show help[22m
[2m8:13:58 AM[22m [36m[1m[vite][22m[39m [90m[2m(client)[22m[39m [32mpage reload [39m[2mindex.html[22m
[2m8:21:16 AM[22m [36m[1m[vite][22m[39m [90m[2m(client)[22m[39m [32mhmr update [39m[2m/src/styles/index.css, /src/styles/tailwind.css[22m
[2m8:23:08 AM[22m [36m[1m[vite][22m[39m [90m[2m(client)[22m[39m [32mhmr update [39m[2m/src/styles/index.css, /src/styles/theme.css[22m
[2m8:23:27 AM[22m [36m[1m[vite][22m[39m [90m[2m(client)[22m[39m [32mhmr update [39m[2m/src/styles/index.css, /src/styles/theme.css[22m
[2m8:33:25 AM[22m [36m[1m[vite][22m[39m [90m[2m(client)[22m[39m [32mhmr update [39m[2m/src/styles/glassmorphism.css[22m
[2m8:34:01 AM[22m [36m[1m[vite][22m[39m [90m[2m(client)[22m[39m [32mhmr update [39m[2m/src/styles/glassmorphism.css[22m
[2m8:34:21 AM[22m [36m[1m[vite][22m[39m [90m[2m(client)[22m[39m [32mhmr update [39m[2m/src/styles/glassmorphism.css[22m
[2m8:35:59 AM[22m [36m[1m[vite][22m[39m [90m[2m(client)[22m[39m [32mhmr update [39m[2m/src/styles/glassmorphism.css[22m
[2m8:41:28 AM[22m [36m[1m[vite][22m[39m [90m[2m(client)[22m[39m [32mhmr update [39m[2m/src/contexts/ThemeContext.tsx, /src/styles/index.css, /src/styles/tailwind.css[22m
[2m8:41:29 AM[22m [36m[1m[vite][22m[39m [90m[2m(client)[22m[39m [33mhmr invalidate [39m[2m/src/contexts/ThemeContext.tsx[22m Could not Fast Refresh ("useTheme" export is incompatible). Learn more at https://github.com/vitejs/vite-plugin-react/tree/main/packages/plugin-react#consistent-components-exports
[2m8:41:29 AM[22m [36m[1m[vite][22m[39m [90m[2m(client)[22m[39m [32mhmr update [39m[2m/src/app/App.tsx, /src/styles/index.css, /src/styles/tailwind.css, /src/app/components/Navbar.tsx, /src/app/components/ParticleBackground.tsx[22m
[2m8:41:53 AM[22m [36m[1m[vite][22m[39m [90m[2m(client)[22m[39m [32mhmr update [39m[2m/src/styles/glassmorphism.css[22m
[2m8:42:50 AM[22m [36m[1m[vite][22m[39m [90m[2m(client)[22m[39m [32mhmr update [39m[2m/src/styles/glassmorphism.css[22m
[2m8:49:31 AM[22m [36m[1m[vite][22m[39m [90m[2m(client)[22m[39m [32mhmr update [39m[2m/src/contexts/ThemeContext.tsx, /src/styles/index.css, /src/styles/tailwind.css[22m
[2m8:49:31 AM[22m [36m[1m[vite][22m[39m [90m[2m(client)[22m[39m [33mhmr invalidate [39m[2m/src/contexts/ThemeContext.tsx[22m Could not Fast Refresh ("useTheme" export is incompatible). Learn more at https://github.com/vitejs/vite-plugin-react/tree/main/packages/plugin-react#consistent-components-exports
[2m8:49:31 AM[22m [36m[1m[vite][22m[39m [90m[2m(client)[22m[39m [32mhmr update [39m[2m/src/app/App.tsx, /src/styles/index.css, /src/styles/tailwind.css, /src/app/components/Navbar.tsx, /src/app/components/ParticleBackground.tsx[22m
[2m8:50:00 AM[22m [36m[1m[vite][22m[39m [90m[2m(client)[22m[39m [32mhmr update [39m[2m/src/styles/index.css, /src/app/pages/HomePage.tsx, /src/styles/tailwind.css, /src/app/pages/MemberProfilePage.tsx, /src/app/pages/AdminDashboardPage.tsx, /@fs/C:\projects\team-portforlio\feel-fly-tech\src\app\components\Footer.tsx[22m
[2m8:50:13 AM[22m [36m[1m[vite][22m[39m [90m[2m(client)[22m[39m [32mhmr update [39m[2m/src/styles/index.css, /src/app/pages/HomePage.tsx, /src/styles/tailwind.css, /src/app/pages/MemberProfilePage.tsx, /src/app/pages/AdminDashboardPage.tsx, /@fs/C:\projects\team-portforlio\feel-fly-tech\src\app\components\Footer.tsx[22m
[2m8:50:27 AM[22m [36m[1m[vite][22m[39m [90m[2m(client)[22m[39m [32mhmr update [39m[2m/src/styles/index.css, /src/app/pages/HomePage.tsx, /src/styles/tailwind.css, /src/app/pages/MemberProfilePage.tsx, /src/app/pages/AdminDashboardPage.tsx, /@fs/C:\projects\team-portforlio\feel-fly-tech\src\app\components\Footer.tsx[22m
[2m8:50:37 AM[22m [36m[1m[vite][22m[39m [90m[2m(client)[22m[39m [32mhmr update [39m[2m/src/app/pages/MemberProfilePage.tsx, /src/styles/index.css, /src/styles/tailwind.css[22m
[2m8:50:49 AM[22m [36m[1m[vite][22m[39m [90m[2m(client)[22m[39m [32mhmr update [39m[2m/src/app/pages/MemberProfilePage.tsx, /src/styles/index.css, /src/styles/tailwind.css[22m
[2m8:51:07 AM[22m [36m[1m[vite][22m[39m [90m[2m(client)[22m[39m [32mhmr update [39m[2m/src/styles/glassmorphism.css[22m
[2m8:51:18 AM[22m [36m[1m[vite][22m[39m [90m[2m(client)[22m[39m [32mhmr update [39m[2m/src/styles/glassmorphism.css[22m
[2m8:56:02 AM[22m [36m[1m[vite][22m[39m [90m[2m(client)[22m[39m [32mhmr update [39m[2m/src/app/pages/MemberProfilePage.tsx, /src/styles/index.css, /src/styles/tailwind.css[22m
[2m8:56:02 AM[22m [36m[1m[vite][22m[39m [90m[2m(client)[22m[39m [32mhmr update [39m[2m/src/app/pages/MemberProfilePage.tsx, /src/styles/index.css, /src/styles/tailwind.css[22m
[2m8:56:22 AM[22m [36m[1m[vite][22m[39m [90m[2m(client)[22m[39m [32mhmr update [39m[2m/src/app/pages/MemberProfilePage.tsx, /src/styles/index.css, /src/styles/tailwind.css[22m
[2m8:56:56 AM[22m [36m[1m[vite][22m[39m [90m[2m(client)[22m[39m [32mhmr update [39m[2m/src/app/App.tsx, /src/styles/index.css, /src/styles/tailwind.css[22m
[2m8:58:36 AM[22m [36m[1m[vite][22m[39m [90m[2m(client)[22m[39m [32mhmr update [39m[2m/src/app/pages/MemberProfilePage.tsx, /src/styles/index.css, /src/styles/tailwind.css[22m
[2m9:09:03 AM[22m [36m[1m[vite][22m[39m [90m[2m(client)[22m[39m [32mhmr update [39m[2m/src/styles/index.css, /src/app/pages/AdminLoginPage.tsx, /src/styles/tailwind.css, /src/app/pages/AdminDashboardPage.tsx[22m
[2m9:09:17 AM[22m [36m[1m[vite][22m[39m [90m[2m(client)[22m[39m [32m✨ new dependencies optimized: [33mfirebase/analytics[32m[39m
[2m9:09:17 AM[22m [36m[1m[vite][22m[39m [90m[2m(client)[22m[39m [32m✨ optimized dependencies changed. reloading[39m
[2m9:09:51 AM[22m [36m[1m[vite][22m[39m [90m[2m(client)[22m[39m [32mhmr update [39m[2m/src/app/App.tsx, /src/styles/index.css, /src/styles/tailwind.css[22m
[2m9:10:12 AM[22m [36m[1m[vite][22m[39m [90m[2m(client)[22m[39m [32mhmr update [39m[2m/src/app/pages/HomePage.tsx, /src/styles/index.css, /src/styles/tailwind.css[22m
[2m9:10:21 AM[22m [36m[1m[vite][22m[39m [90m[2m(client)[22m[39m [32mhmr update [39m[2m/src/app/pages/MemberProfilePage.tsx, /src/styles/index.css, /src/styles/tailwind.css[22m
[2m9:10:31 AM[22m [36m[1m[vite][22m[39m [90m[2m(client)[22m[39m [32mhmr update [39m[2m/@fs/C:\projects\team-portforlio\feel-fly-tech\src\app\components\Footer.tsx, /src/styles/index.css, /src/styles/tailwind.css[22m
[2m9:13:51 AM[22m [36m[1m[vite][22m[39m [90m[2m(client)[22m[39m [32mhmr update [39m[2m/src/app/pages/AdminDashboardPage.tsx, /src/styles/index.css, /src/styles/tailwind.css[22m
[2m9:23:16 AM[22m [36m[1m[vite][22m[39m [90m[2m(client)[22m[39m [32mhmr update [39m[2m/src/app/pages/AdminDashboardPage.tsx, /src/styles/index.css, /src/styles/tailwind.css[22m
[2m9:23:34 AM[22m [36m[1m[vite][22m[39m [90m[2m(client)[22m[39m [32mhmr update [39m[2m/src/styles/glassmorphism.css[22m
[2m9:35:38 AM[22m [36m[1m[vite][22m[39m [90m[2m(client)[22m[39m [32mhmr update [39m[2m/src/styles/glassmorphism.css[22m
[2m9:36:25 AM[22m [36m[1m[vite][22m[39m [90m[2m(client)[22m[39m [32mhmr update [39m[2m/src/app/pages/AdminLoginPage.tsx, /src/styles/index.css, /src/styles/tailwind.css[22m
[2m9:40:25 AM[22m [36m[1m[vite][22m[39m [90m[2m(client)[22m[39m [32mhmr update [39m[2m/src/app/pages/AdminLoginPage.tsx, /src/styles/index.css, /src/styles/tailwind.css[22m
[2m9:41:43 AM[22m [36m[1m[vite][22m[39m [90m[2m(client)[22m[39m [32mhmr update [39m[2m/src/app/components/Navbar.tsx, /src/styles/index.css, /src/styles/tailwind.css[22m
[2m9:45:42 AM[22m [36m[1m[vite][22m[39m [90m[2m(client)[22m[39m [32mhmr update [39m[2m/src/styles/glassmorphism.css[22m
[2m9:45:47 AM[22m [36m[1m[vite][22m[39m [90m[2m(client)[22m[39m [32mhmr update [39m[2m/src/styles/glassmorphism.css[22m
[2m9:45:55 AM[22m [36m[1m[vite][22m[39m [90m[2m(client)[22m[39m [32mhmr update [39m[2m/src/styles/glassmorphism.css[22m
[2m9:46:02 AM[22m [36m[1m[vite][22m[39m [90m[2m(client)[22m[39m [32mhmr update [39m[2m/src/styles/glassmorphism.css[22m
[2m9:50:11 AM[22m [36m[1m[vite][22m[39m [90m[2m(client)[22m[39m [32mhmr update [39m[2m/src/styles/glassmorphism.css[22m
[2m2:35:10 PM[22m [36m[1m[vite][22m[39m [90m[2m(client)[22m[39m [32mhmr update [39m[2m/src/styles/glassmorphism.css[22m
[2m3:05:56 PM[22m [36m[1m[vite][22m[39m [90m[2m(client)[22m[39m [32mhmr update [39m[2m/src/app/App.tsx, /src/styles/index.css, /src/styles/tailwind.css[22m
[2m3:08:05 PM[22m [36m[1m[vite][22m[39m [90m[2m(client)[22m[39m [32mhmr update [39m[2m/src/app/App.tsx, /src/styles/index.css, /src/styles/tailwind.css[22m
[2m3:08:28 PM[22m [36m[1m[vite][22m[39m [90m[2m(client)[22m[39m [32mhmr update [39m[2m/src/app/components/SplashScreen.tsx, /src/styles/index.css, /src/styles/tailwind.css[22m
[2m3:30:18 PM[22m [36m[1m[vite][22m[39m [90m[2m(client)[22m[39m [32mhmr update [39m[2m/src/styles/glassmorphism.css[22m
[2m3:30:38 PM[22m [36m[1m[vite][22m[39m [90m[2m(client)[22m[39m [32mhmr update [39m[2m/src/styles/glassmorphism.css[22m
[2m3:38:48 PM[22m [36m[1m[vite][22m[39m [90m[2m(client)[22m[39m [32mhmr update [39m[2m/src/app/components/SplashScreen.tsx, /src/styles/index.css, /src/styles/tailwind.css[22m
[2m3:56:43 PM[22m [36m[1m[vite][22m[39m [90m[2m(client)[22m[39m [32mhmr update [39m[2m/src/styles/glassmorphism.css[22m
[2m3:58:05 PM[22m [36m[1m[vite][22m[39m [90m[2m(client)[22m[39m [32mhmr update [39m[2m/src/contexts/DataContext.tsx, /src/styles/index.css[22m
[2m3:58:05 PM[22m [36m[1m[vite][22m[39m [90m[2m(client)[22m[39m [33mhmr invalidate [39m[2m/src/contexts/DataContext.tsx[22m Could not Fast Refresh ("useData" export is incompatible). Learn more at https://github.com/vitejs/vite-plugin-react/tree/main/packages/plugin-react#consistent-components-exports
[2m3:58:05 PM[22m [36m[1m[vite][22m[39m [90m[2m(client)[22m[39m [32mhmr update [39m[2m/src/app/App.tsx, /src/styles/index.css, /src/styles/tailwind.css, /src/app/pages/HomePage.tsx, /src/app/pages/MemberProfilePage.tsx, /@fs/C:\projects\team-portforlio\feel-fly-tech\src\app\components\Footer.tsx, /src/app/pages/AdminDashboardPage.tsx, /src/app/components/SplashScreen.tsx[22m
